// Jest Snapshot v1, https://goo.gl/fbAQLP

exports[`Error should render correctly 1`] = `
<div
  className="bblfsh-notification__error"
>
  <button
    className="bblfsh-notification__close-button"
  >
    ×
  </button>
  <h5
    className="bblfsh-notification__title"
  >
    Error
  </h5>
  <div
    className="bblfsh-notification__body"
  >
    <p
      className="bblfsh-notification__line"
    >
      Foo bar
    </p>
    <p
      className="bblfsh-notification__line"
    >
      Baz qux
    </p>
  </div>
</div>
`;
