// Jest Snapshot v1, https://goo.gl/fbAQLP

exports[`it renders correctly 1`] = `
<div
  className="bblfsh-options__container"
>
  <div
    className="bblfsh-options__field"
  >
    <input
      id="show-locations"
      name="show-locations"
      type="checkbox"
    />
    <label
      className="bblfsh-options__label"
      htmlFor="show-locations"
    >
      Show locations
    </label>
  </div>
  <div
    className="bblfsh-options__field"
  >
    <input
      id="custom-server"
      name="custom-server"
      type="checkbox"
    />
    <label
      className="bblfsh-options__label"
      htmlFor="custom-server"
    >
      Custom babelfish server
    </label>
  </div>
</div>
`;
