// Jest Snapshot v1, https://goo.gl/fbAQLP

exports[`convertTree 1`] = `
Object {
  "1": Object {
    "Children": Array [
      2,
      6,
    ],
    "InternalType": "Root",
    "expanded": true,
    "higlighted": false,
    "id": 1,
  },
  "2": Object {
    "Children": Array [
      3,
      5,
    ],
    "InternalType": "Child1",
    "expanded": true,
    "higlighted": false,
    "id": 2,
  },
  "3": Object {
    "Children": Array [
      4,
    ],
    "InternalType": "Child11",
    "expanded": false,
    "higlighted": false,
    "id": 3,
  },
  "4": Object {
    "InternalType": "Child111",
    "expanded": false,
    "higlighted": false,
    "id": 4,
  },
  "5": Object {
    "InternalType": "Child12",
    "expanded": false,
    "higlighted": false,
    "id": 5,
  },
  "6": Object {
    "Children": Array [
      7,
    ],
    "InternalType": "Child2",
    "expanded": true,
    "higlighted": false,
    "id": 6,
  },
  "7": Object {
    "InternalType": "Child21",
    "expanded": false,
    "higlighted": false,
    "id": 7,
  },
}
`;
