// Jest Snapshot v1, https://goo.gl/fbAQLP

exports[`convertTree 1`] = `
Object {
  "posIndex": NodeIndex {
    "index": Array [
      undefined,
      Array [
        undefined,
        Array [
          Object {
            "end": Object {
              "Col": 1,
              "Line": 1,
              "Offset": 1,
            },
            "id": 3,
            "start": Object {
              "Col": 1,
              "Line": 1,
              "Offset": 1,
            },
          },
        ],
      ],
    ],
  },
  "tree": Object {
    "1": Object {
      "Children": Array [
        2,
        6,
      ],
      "InternalType": "Root",
      "expanded": true,
      "higlighted": false,
      "id": 1,
      "parentId": undefined,
    },
    "2": Object {
      "Children": Array [
        3,
        5,
      ],
      "InternalType": "Child1",
      "expanded": true,
      "higlighted": false,
      "id": 2,
      "parentId": 1,
    },
    "3": Object {
      "Children": Array [
        4,
      ],
      "EndPosition": Object {
        "Col": 1,
        "Line": 1,
        "Offset": 1,
      },
      "InternalType": "Child11",
      "StartPosition": Object {
        "Col": 1,
        "Line": 1,
        "Offset": 1,
      },
      "expanded": false,
      "higlighted": false,
      "id": 3,
      "parentId": 2,
    },
    "4": Object {
      "InternalType": "Child111",
      "expanded": false,
      "higlighted": false,
      "id": 4,
      "parentId": 3,
    },
    "5": Object {
      "InternalType": "Child12",
      "expanded": false,
      "higlighted": false,
      "id": 5,
      "parentId": 2,
    },
    "6": Object {
      "Children": Array [
        7,
      ],
      "InternalType": "Child2",
      "expanded": true,
      "higlighted": false,
      "id": 6,
      "parentId": 1,
    },
    "7": Object {
      "InternalType": "Child21",
      "expanded": false,
      "higlighted": false,
      "id": 7,
      "parentId": 6,
    },
  },
}
`;
